﻿
  [30;43;1m WARN [39;49;22m Your XML configuration validates against a deprecated schema. Migrate your XML configuration using "--migrate-configuration"!

   PASS  Tests\Unit\ExampleTest
  Γ£ô that true is true

   PASS  Tests\Unit\PaymentGatewayIntegrationTest
  Γ£ô midtrans a p i connection with mocked responses                                        0.50s  
  Γ£ô webhook signature verification                                                         0.05s  
  Γ£ô payment status mapping                                                                 0.05s  
  Γ£ô error handling for a p i failures                                                      0.05s  
  Γ£ô timeout scenarios                                                                      0.05s  
  Γ£ô webhook order validation                                                               0.05s  
  Γ£ô transaction status transition validity                                                 0.04s  
  Γ£ô webhook processing with invalid signature                                              0.04s  
  Γ£ô webhook processing with non existent order                                             0.07s  

   PASS  Tests\Unit\TransactionRepositoryTest
  Γ£ô pagination with large datasets                                                         0.30s  
  Γ£ô filtering by multiple criteria                                                         0.09s  
  Γ£ô transaction with missing optional fields                                               0.05s  
  Γ£ô query performance with eager loading                                                   0.15s  
  Γ£ô date range filtering                                                                   0.09s  
  Γ£ô get by location                                                                        0.10s  
  Γ£ô get by attendant                                                                       0.08s  
  Γ£ô daily revenue calculation                                                              0.07s  
  Γ£ô monthly revenue calculation                                                            0.07s  
  Γ£ô cache invalidation for location                                                        0.07s  

   PASS  Tests\Feature\AdminAuthenticationPropertyTest
  Γ£ô property 18 valid credentials grant access                                             0.11s  
  Γ£ô property 19 invalid credentials deny access                                            0.05s  
  Γ£ô property 19 nonexistent email denies access                                            0.05s  
  Γ£ô inactive users cannot login                                                            0.05s  

   PASS  Tests\Feature\AdminAuthenticationTest
  Γ£ô admin can login with valid credentials                                                 0.17s  
  Γ£ô admin cannot login with invalid password                                               0.05s  
  Γ£ô admin cannot login with nonexistent email                                              0.04s  
  Γ£ô inactive admin cannot login                                                            0.05s  
  Γ£ô admin can logout                                                                       0.05s  
  Γ£ô check session returns user data when logged in                                         0.05s  
  Γ£ô check session fails when not logged in                                                 0.04s  
  Γ£ô login validation requires email                                                        0.05s  
  Γ£ô login validation requires password                                                     0.04s  
  Γ£ô login validation requires valid email format                                           0.04s  

   PASS  Tests\Feature\AttendantManagementPropertyTest
  Γ£ô property 21 attendant profiles contain required fields                                 0.08s  
  Γ£ô property 22 registration number uniqueness                                             0.07s  
  Γ£ô property 23 profile updates include timestamp                                          1.07s  
  Γ£ô property 24 deactivated attendants cannot generate qr codes                            0.06s  
  Γ£ô property 39 profile modifications are logged with changes                              0.09s  

   PASS  Tests\Feature\AttendantManagementTest
  Γ£ô attendant creation with minimum fields                                                 0.07s  
  Γ£ô attendant creation with all optional fields                                            0.06s  
  Γ£ô attendant update with partial data                                                     0.06s  
  Γ£ô duplicate registration number handling                                                 0.06s  
  Γ£ô attendant activation                                                                   0.07s  
  Γ£ô attendant deactivation                                                                 0.06s  
  Γ£ô get attendant details                                                                  0.06s  
  Γ£ô list all attendants                                                                    0.05s  
  Γ£ô pin validation must be 6 digits                                                        0.05s  
  Γ£ô pin validation must be numeric                                                         0.05s  
  Γ£ô required fields validation                                                             0.17s  
  Γ£ô attendant update with pin change                                                       0.06s  

   PASS  Tests\Feature\AuthenticationEdgeCasesTest
  Γ£ô admin login with empty email                                                           0.05s  
  Γ£ô admin login with empty password                                                        0.04s  
  Γ£ô admin login with sql injection in email                                                0.06s  
  Γ£ô admin login with sql injection in password                                             0.05s  
  Γ£ô admin session expires after 30 minutes                                                 0.05s  
  Γ£ô admin session valid before 30 minutes                                                  0.05s  
  Γ£ô admin concurrent sessions override previous                                            0.06s  
  Γ£ô admin login with invalid email format                                                  0.04s  
  Γ£ô admin login with short password                                                        0.06s  
  Γ£ô admin middleware blocks unauthenticated requests                                       0.04s  
  Γ£ô admin deactivated during session cannot access                                         0.06s  
  Γ£ô admin login with xss attempt                                                           0.05s  
  Γ£ô admin login with very long email                                                       0.05s  
  Γ£ô admin logout without session                                                           0.04s  

   PASS  Tests\Feature\DashboardTest
  Γ£ô dashboard with zero transactions                                                       0.08s  
  Γ£ô dashboard with single transaction                                                      0.05s  
  Γ£ô dashboard with transactions spanning multiple months                                   0.05s  
  Γ£ô filtering by date range boundaries                                                     0.05s  
  Γ£ô daily revenue endpoint                                                                 0.06s  
  Γ£ô monthly revenue endpoint                                                               0.07s  
  Γ£ô location stats endpoint                                                                0.05s  
  Γ£ô attendant stats endpoint                                                               0.05s  
  Γ£ô vehicle stats endpoint                                                                 0.05s  

   PASS  Tests\Feature\ExampleTest
  Γ£ô the application returns a successful response                                          0.05s  

   WARN  Tests\Feature\LoginLoggingPropertyTest
  Γ£ô admin successful login is logged                                                       0.05s  
  Γ£ô admin failed login is logged                                                           0.07s  
  Γ£ô admin failed login nonexistent user is logged                                          0.05s  
  Γ£ô admin failed login inactive account is logged                                          0.06s  
  - attendant successful login is logged ΓåÆ Session middleware configuration issue in APIΓÇª  0.04s  
  Γ£ô attendant failed login is logged                                                       0.05s  
  Γ£ô multiple login attempts create multiple logs                                           0.07s  
  Γ£ô admin logout is logged                                                                 0.06s  
  - attendant logout is logged ΓåÆ Session middleware configuration issue in API routes      0.04s  

   PASS  Tests\Feature\ParkingRatePropertyTest
  Γ£ô rate updates apply to subsequent transactions                                          0.51s  
  Γ£ô rate changes are logged                                                                0.98s  

   PASS  Tests\Feature\ParkingRateTest
  Γ£ô rate configuration with negative values fails                                          0.05s  
  Γ£ô rate configuration with zero value fails                                               0.05s  
  Γ£ô rate effective date in past fails                                                      0.17s  
  Γ£ô rate effective date in future succeeds                                                 0.06s  
  Γ£ô location specific rate override                                                        0.05s  
  Γ£ô rate configuration with positive value succeeds                                        0.05s  
  Γ£ô rate configuration without street section                                              0.05s  
  Γ£ô get all rates                                                                          0.05s  
  Γ£ô get rates by location                                                                  0.05s  
  Γ£ô rate created by is set to admin user id                                                0.05s  
  Γ£ô rate effective from timestamp is set                                                   0.05s  
  Γ£ô rate minimum value                                                                     0.06s  

   PASS  Tests\Feature\PaymentGatewayPropertyTest
  Γ£ô unique transaction identifiers                                                        12.68s  
  Γ£ô payment initiation sets pending status                                                 0.24s  
  Γ£ô payment success updates status                                                         0.52s  
  Γ£ô payment failure updates status                                                         0.44s  

   PASS  Tests\Feature\PaymentProcessingTest
  Γ£ô transaction creation with minimum required fields                                      0.05s  
  Γ£ô concurrent transaction processing                                                      0.05s  
  Γ£ô transaction rollback on failure                                                        0.05s  
  Γ£ô retry limit max three attempts                                                         0.05s  
  Γ£ô q r code expiration handling                                                           0.04s  

   PASS  Tests\Feature\QRCodeGenerationPropertyTest
  Γ£ô unique q r code generation                                                             8.68s  
  Γ£ô q r code contains required data                                                        0.58s  
  Γ£ô q r code validity period                                                               0.65s  

   WARN  Tests\Feature\ReportGenerationTest
  Γ£ô p d f generation with empty data                                                       0.12s  
  Γ£ô excel generation with single row                                                       0.10s  
  Γ£ô report with maximum transactions                                                      41.78s  
  Γ£ô report with special characters                                                         0.08s  
  Γ£ô report generation failure handling                                                     0.08s  
  Γ£ô concurrent report generation                                                           4.08s  
  Γ£ô report generation with filters                                                         0.08s  
  Γ£ô report generate endpoint                                                               0.05s  
  Γ£ô report status endpoint                                                                 0.05s  
  - report download endpoint ΓåÆ Download endpoint test requires proper file handling        0.04s  
  Γ£ô report authorization check                                                             0.05s  
  Γ£ô invalid date range validation                                                          0.05s  
  Γ£ô date range exceeding90 days                                                            0.04s  

   PASS  Tests\Feature\ReportPropertyTest
  Γ£ô p d f report generation                                                                9.87s  
  Γ£ô excel report generation                                                                5.06s  
  Γ£ô report contains required fields                                                        1.39s  
  Γ£ô report summary accuracy                                                                1.68s  

Reproduce with:
ERIS_SEED=1773179799388502 vendor/bin/phpunit --filter 'Tests\\Feature\\StatisticsPropertyTest::testDailyRevenueCalculationAccuracy'

Fatal error: Allowed memory size of 536870912 bytes exhausted (tried to allocate 20480 bytes) in D:\web\dishub_2026\parking-payment-system\vendor\phpunit\phpunit\src\Framework\Constraint\Equality\IsEqual.php on line 80

In IsEqual.php line 80:
                                                                                    
  Allowed memory size of 536870912 bytes exhausted (tried to allocate 20480 bytes)  
                                                                                    


In IsEqual.php line 80:
                                                                                    
  Allowed memory size of 536870912 bytes exhausted (tried to allocate 20480 bytes)  
                                                                                    


In IsEqual.php line 80:
                                                                                    
  Allowed memory size of 536870912 bytes exhausted (tried to allocate 20480 bytes)  
                                                                                    


In IsEqual.php line 80:
                                                                                    
  Allowed memory size of 536870912 bytes exhausted (tried to allocate 20480 bytes)  
                                                                                    


In IsEqual.php line 80:
                                                                                    
  Allowed memory size of 536870912 bytes exhausted (tried to allocate 20480 bytes)  
                                                                                    


In IsEqual.php line 80:
                                                                                    
  Allowed memory size of 536870912 bytes exhausted (tried to allocate 20480 bytes)  
                                                                                    


In IsEqual.php line 80:
                                                                                    
  Allowed memory size of 536870912 bytes exhausted (tried to allocate 20480 bytes)  
                                                                                    


In IsEqual.php line 80:
                                                                                    
  Allowed memory size of 536870912 bytes exhausted (tried to allocate 20480 bytes)  
                                                                                    


In IsEqual.php line 80:
                                                                                    
  Allowed memory size of 536870912 bytes exhausted (tried to allocate 20480 bytes)  
                                                                                    


In IsEqual.php line 80:
                                                                                    
  Allowed memory size of 536870912 bytes exhausted (tried to allocate 20480 bytes)  
                                                                                    


In IsEqual.php line 80:
                                                                                    
  Allowed memory size of 536870912 bytes exhausted (tried to allocate 20480 bytes)  
                                                                                    


In IsEqual.php line 80:
                                                                                    
  Allowed memory size of 536870912 bytes exhausted (tried to allocate 20480 bytes)  
                                                                                    


In IsEqual.php line 80:
                                                                                    
  Allowed memory size of 536870912 bytes exhausted (tried to allocate 20480 bytes)  
                                                                                    


In IsEqual.php line 80:
                                                                                    
  Allowed memory size of 536870912 bytes exhausted (tried to allocate 20480 bytes)  
                                                                                    


In IsEqual.php line 80:
                                                                                    
  Allowed memory size of 536870912 bytes exhausted (tried to allocate 20480 bytes)  
                                                                                    


In IsEqual.php line 80:
                                                                                    
  Allowed memory size of 536870912 bytes exhausted (tried to allocate 20480 bytes)  
                                                                                    


In IsEqual.php line 80:
                                                                                    
  Allowed memory size of 536870912 bytes exhausted (tried to allocate 20480 bytes)  
                                                                                    


In IsEqual.php line 80:
                                                                                    
  Allowed memory size of 536870912 bytes exhausted (tried to allocate 20480 bytes)  
                                                                                    


In IsEqual.php line 80:
                                                                                    
  Allowed memory size of 536870912 bytes exhausted (tried to allocate 20480 bytes)  
                                                                                    


In IsEqual.php line 80:
                                                                                    
  Allowed memory size of 536870912 bytes exhausted (tried to allocate 20480 bytes)  
                                                                                    


In IsEqual.php line 80:
                                                                                    
  Allowed memory size of 536870912 bytes exhausted (tried to allocate 20480 bytes)  
                                                                                    


In IsEqual.php line 80:
                                                                                    
  Allowed memory size of 536870912 bytes exhausted (tried to allocate 20480 bytes)  
                                                                                    


In IsEqual.php line 80:
                                                                                    
  Allowed memory size of 536870912 bytes exhausted (tried to allocate 20480 bytes)  
                                                                                    


In IsEqual.php line 80:
                                                                                    
  Allowed memory size of 536870912 bytes exhausted (tried to allocate 20480 bytes)  
                                                                                    


In IsEqual.php line 80:
                                                                                    
  Allowed memory size of 536870912 bytes exhausted (tried to allocate 20480 bytes)  
                                                                                    


In IsEqual.php line 80:
                                                                                    
  Allowed memory size of 536870912 bytes exhausted (tried to allocate 20480 bytes)  
                                                                                    


In IsEqual.php line 80:
                                                                                    
  Allowed memory size of 536870912 bytes exhausted (tried to allocate 20480 bytes)  
                                                                                    


In IsEqual.php line 80:
                                                                                    
  Allowed memory size of 536870912 bytes exhausted (tried to allocate 20480 bytes)  
                                                                                    


In IsEqual.php line 80:
                                                                                    
  Allowed memory size of 536870912 bytes exhausted (tried to allocate 20480 bytes)  
                                                                                    


In IsEqual.php line 80:
                                                                                    
  Allowed memory size of 536870912 bytes exhausted (tried to allocate 20480 bytes)  
                                                                                    


In IsEqual.php line 80:
                                                                                    
  Allowed memory size of 536870912 bytes exhausted (tried to allocate 20480 bytes)  
                                                                                    


In IsEqual.php line 80:
                                                                                    
  Allowed memory size of 536870912 bytes exhausted (tried to allocate 20480 bytes)  
                                                                                    


In IsEqual.php line 80:
                                                                                    
  Allowed memory size of 536870912 bytes exhausted (tried to allocate 20480 bytes)  
                                                                                    


In IsEqual.php line 80:
                                                                                    
  Allowed memory size of 536870912 bytes exhausted (tried to allocate 20480 bytes)  
                                                                                    


In IsEqual.php line 80:
                                                                                    
  Allowed memory size of 536870912 bytes exhausted (tried to allocate 20480 bytes)  
                                                                                    


In IsEqual.php line 80:
                                                                                    
  Allowed memory size of 536870912 bytes exhausted (tried to allocate 20480 bytes)  
                                                                                    


In IsEqual.php line 80:
                                                                                    
  Allowed memory size of 536870912 bytes exhausted (tried to allocate 20480 bytes)  
                                                                                    


In IsEqual.php line 80:
                                                                                    
  Allowed memory size of 536870912 bytes exhausted (tried to allocate 20480 bytes)  
                                                                                    


In IsEqual.php line 80:
                                                                                    
  Allowed memory size of 536870912 bytes exhausted (tried to allocate 20480 bytes)  
                                                                                    


In IsEqual.php line 80:
                                                                                    
  Allowed memory size of 536870912 bytes exhausted (tried to allocate 20480 bytes)  
                                                                                    


In IsEqual.php line 80:
                                                                                    
  Allowed memory size of 536870912 bytes exhausted (tried to allocate 20480 bytes)  
                                                                                    


In IsEqual.php line 80:
                                                                                    
  Allowed memory size of 536870912 bytes exhausted (tried to allocate 20480 bytes)  
                                                                                    


In IsEqual.php line 80:
                                                                                    
  Allowed memory size of 536870912 bytes exhausted (tried to allocate 20480 bytes)  
                                                                                    


In IsEqual.php line 80:
                                                                                    
  Allowed memory size of 536870912 bytes exhausted (tried to allocate 20480 bytes)  
                                                                                    


In IsEqual.php line 80:
                                                                                    
  Allowed memory size of 536870912 bytes exhausted (tried to allocate 20480 bytes)  
                                                                                    


In IsEqual.php line 80:
                                                                                    
  Allowed memory size of 536870912 bytes exhausted (tried to allocate 20480 bytes)  
                                                                                    


In IsEqual.php line 80:
                                                                                    
  Allowed memory size of 536870912 bytes exhausted (tried to allocate 20480 bytes)  
                                                                                    


In IsEqual.php line 80:
                                                                                    
  Allowed memory size of 536870912 bytes exhausted (tried to allocate 20480 bytes)  
                                                                                    


In IsEqual.php line 80:
                                                                                    
  Allowed memory size of 536870912 bytes exhausted (tried to allocate 20480 bytes)  
                                                                                    


In IsEqual.php line 80:
                                                                                    
  Allowed memory size of 536870912 bytes exhausted (tried to allocate 20480 bytes)  
                                                                                    


In IsEqual.php line 80:
                                                                                    
  Allowed memory size of 536870912 bytes exhausted (tried to allocate 20480 bytes)  
                                                                                    


In IsEqual.php line 80:
                                                                                    
  Allowed memory size of 536870912 bytes exhausted (tried to allocate 20480 bytes)  
                                                                                    


In IsEqual.php line 80:
                                                                                    
  Allowed memory size of 536870912 bytes exhausted (tried to allocate 20480 bytes)  
                                                                                    


In IsEqual.php line 80:
                                                                                    
  Allowed memory size of 536870912 bytes exhausted (tried to allocate 20480 bytes)  
                                                                                    


In IsEqual.php line 80:
                                                                                    
  Allowed memory size of 536870912 bytes exhausted (tried to allocate 20480 bytes)  
                                                                                    


In IsEqual.php line 80:
                                                                                    
  Allowed memory size of 536870912 bytes exhausted (tried to allocate 20480 bytes)  
                                                                                    


In IsEqual.php line 80:
                                                                                    
  Allowed memory size of 536870912 bytes exhausted (tried to allocate 20480 bytes)  
                                                                                    


In IsEqual.php line 80:
                                                                                    
  Allowed memory size of 536870912 bytes exhausted (tried to allocate 20480 bytes)  
                                                                                    


In IsEqual.php line 80:
                                                                                    
  Allowed memory size of 536870912 bytes exhausted (tried to allocate 20480 bytes)  
                                                                                    


In IsEqual.php line 80:
                                                                                    
  Allowed memory size of 536870912 bytes exhausted (tried to allocate 20480 bytes)  
                                                                                    


In IsEqual.php line 80:
                                                                                    
  Allowed memory size of 536870912 bytes exhausted (tried to allocate 20480 bytes)  
                                                                                    


In IsEqual.php line 80:
                                                                                    
  Allowed memory size of 536870912 bytes exhausted (tried to allocate 20480 bytes)  
                                                                                    


In IsEqual.php line 80:
                                                                                    
  Allowed memory size of 536870912 bytes exhausted (tried to allocate 20480 bytes)  
                                                                                    


In IsEqual.php line 80:
                                                                                    
  Allowed memory size of 536870912 bytes exhausted (tried to allocate 20480 bytes)  
                                                                                    


In IsEqual.php line 80:
                                                                                    
  Allowed memory size of 536870912 bytes exhausted (tried to allocate 20480 bytes)  
                                                                                    


In IsEqual.php line 80:
                                                                                    
  Allowed memory size of 536870912 bytes exhausted (tried to allocate 20480 bytes)  
                                                                                    


In IsEqual.php line 80:
                                                                                    
  Allowed memory size of 536870912 bytes exhausted (tried to allocate 20480 bytes)  
                                                                                    


In IsEqual.php line 80:
                                                                                    
  Allowed memory size of 536870912 bytes exhausted (tried to allocate 20480 bytes)  
                                                                                    


In IsEqual.php line 80:
                                                                                    
  Allowed memory size of 536870912 bytes exhausted (tried to allocate 20480 bytes)  
                                                                                    


In IsEqual.php line 80:
                                                                                    
  Allowed memory size of 536870912 bytes exhausted (tried to allocate 20480 bytes)  
                                                                                    


In IsEqual.php line 80:
                                                                                    
  Allowed memory size of 536870912 bytes exhausted (tried to allocate 20480 bytes)  
                                                                                    


In IsEqual.php line 80:
                                                                                    
  Allowed memory size of 536870912 bytes exhausted (tried to allocate 20480 bytes)  
                                                                                    


In IsEqual.php line 80:
                                                                                    
  Allowed memory size of 536870912 bytes exhausted (tried to allocate 20480 bytes)  
                                                                                    


In IsEqual.php line 80:
                                                                                    
  Allowed memory size of 536870912 bytes exhausted (tried to allocate 20480 bytes)  
                                                                                    


In IsEqual.php line 80:
                                                                                    
  Allowed memory size of 536870912 bytes exhausted (tried to allocate 20480 bytes)  
                                                                                    


In IsEqual.php line 80:
                                                                                    
  Allowed memory size of 536870912 bytes exhausted (tried to allocate 20480 bytes)  
                                                                                    


In IsEqual.php line 80:
                                                                                    
  Allowed memory size of 536870912 bytes exhausted (tried to allocate 20480 bytes)  
                                                                                    


In IsEqual.php line 80:
                                                                                    
  Allowed memory size of 536870912 bytes exhausted (tried to allocate 20480 bytes)  
                                                                                    


In IsEqual.php line 80:
                                                                                    
  Allowed memory size of 536870912 bytes exhausted (tried to allocate 20480 bytes)  
                                                                                    


In IsEqual.php line 80:
                                                                                    
  Allowed memory size of 536870912 bytes exhausted (tried to allocate 20480 bytes)  
                                                                                    


In IsEqual.php line 80:
                                                                                    
  Allowed memory size of 536870912 bytes exhausted (tried to allocate 20480 bytes)  
                                                                                    


In IsEqual.php line 80:
                                                                                    
  Allowed memory size of 536870912 bytes exhausted (tried to allocate 20480 bytes)  
                                                                                    


In IsEqual.php line 80:
                                                                                    
  Allowed memory size of 536870912 bytes exhausted (tried to allocate 20480 bytes)  
                                                                                    


In IsEqual.php line 80:
                                                                                    
  Allowed memory size of 536870912 bytes exhausted (tried to allocate 20480 bytes)  
                                                                                    


In IsEqual.php line 80:
                                                                                    
  Allowed memory size of 536870912 bytes exhausted (tried to allocate 20480 bytes)  
                                                                                    


In IsEqual.php line 80:
                                                                                    
  Allowed memory size of 536870912 bytes exhausted (tried to allocate 20480 bytes)  
                                                                                    


In IsEqual.php line 80:
                                                                                    
  Allowed memory size of 536870912 bytes exhausted (tried to allocate 20480 bytes)  
                                                                                    


In IsEqual.php line 80:
                                                                                    
  Allowed memory size of 536870912 bytes exhausted (tried to allocate 20480 bytes)  
                                                                                    


In IsEqual.php line 80:
                                                                                    
  Allowed memory size of 536870912 bytes exhausted (tried to allocate 20480 bytes)  
                                                                                    


In IsEqual.php line 80:
                                                                                    
  Allowed memory size of 536870912 bytes exhausted (tried to allocate 20480 bytes)  
                                                                                    


In IsEqual.php line 80:
                                                                                    
  Allowed memory size of 536870912 bytes exhausted (tried to allocate 20480 bytes)  
                                                                                    


In IsEqual.php line 80:
                                                                                    
  Allowed memory size of 536870912 bytes exhausted (tried to allocate 20480 bytes)  
                                                                                    


In IsEqual.php line 80:
                                                                                    
  Allowed memory size of 536870912 bytes exhausted (tried to allocate 20480 bytes)  
                                                                                    


In IsEqual.php line 80:
                                                                                    
  Allowed memory size of 536870912 bytes exhausted (tried to allocate 20480 bytes)  
                                                                                    


In IsEqual.php line 80:
                                                                                    
  Allowed memory size of 536870912 bytes exhausted (tried to allocate 20480 bytes)  
                                                                                    


In IsEqual.php line 80:
                                                                                    
  Allowed memory size of 536870912 bytes exhausted (tried to allocate 20480 bytes)  
                                                                                    


In IsEqual.php line 80:
                                                                                    
  Allowed memory size of 536870912 bytes exhausted (tried to allocate 20480 bytes)  
                                                                                    


In IsEqual.php line 80:
                                                                                    
  Allowed memory size of 536870912 bytes exhausted (tried to allocate 20480 bytes)  
                                                                                    


In IsEqual.php line 80:
                                                                                    
  Allowed memory size of 536870912 bytes exhausted (tried to allocate 20480 bytes)  
                                                                                    


In IsEqual.php line 80:
                                                                                    
  Allowed memory size of 536870912 bytes exhausted (tried to allocate 20480 bytes)  
                                                                                    


In IsEqual.php line 80:
                                                                                    
  Allowed memory size of 536870912 bytes exhausted (tried to allocate 20480 bytes)  
                                                                                    


In IsEqual.php line 80:
                                                                                    
  Allowed memory size of 536870912 bytes exhausted (tried to allocate 20480 bytes)  
                                                                                    


In IsEqual.php line 80:
                                                                                    
  Allowed memory size of 536870912 bytes exhausted (tried to allocate 20480 bytes)  
                                                                                    


In IsEqual.php line 80:
                                                                                    
  Allowed memory size of 536870912 bytes exhausted (tried to allocate 20480 bytes)  
                                                                                    


In IsEqual.php line 80:
                                                                                    
  Allowed memory size of 536870912 bytes exhausted (tried to allocate 20480 bytes)  
                                                                                    


In IsEqual.php line 80:
                                                                                    
  Allowed memory size of 536870912 bytes exhausted (tried to allocate 20480 bytes)  
                                                                                    


In IsEqual.php line 80:
                                                                                    
  Allowed memory size of 536870912 bytes exhausted (tried to allocate 20480 bytes)  
                                                                                    


In IsEqual.php line 80:
                                                                                    
  Allowed memory size of 536870912 bytes exhausted (tried to allocate 20480 bytes)  
                                                                                    


In IsEqual.php line 80:
                                                                                    
  Allowed memory size of 536870912 bytes exhausted (tried to allocate 20480 bytes)  
                                                                                    


In IsEqual.php line 80:
                                                                                    
  Allowed memory size of 536870912 bytes exhausted (tried to allocate 20480 bytes)  
                                                                                    


In IsEqual.php line 80:
                                                                                    
  Allowed memory size of 536870912 bytes exhausted (tried to allocate 20480 bytes)  
                                                                                    


In IsEqual.php line 80:
                                                                                    
  Allowed memory size of 536870912 bytes exhausted (tried to allocate 20480 bytes)  
                                                                                    


In IsEqual.php line 80:
                                                                                    
  Allowed memory size of 536870912 bytes exhausted (tried to allocate 20480 bytes)  
                                                                                    


In IsEqual.php line 80:
                                                                                    
  Allowed memory size of 536870912 bytes exhausted (tried to allocate 20480 bytes)  
                                                                                    


In IsEqual.php line 80:
                                                                                    
  Allowed memory size of 536870912 bytes exhausted (tried to allocate 20480 bytes)  
                                                                                    


In IsEqual.php line 80:
                                                                                    
  Allowed memory size of 536870912 bytes exhausted (tried to allocate 20480 bytes)  
                                                                                    


In IsEqual.php line 80:
                                                                                    
  Allowed memory size of 536870912 bytes exhausted (tried to allocate 20480 bytes)  
                                                                                    


In IsEqual.php line 80:
                                                                                    
  Allowed memory size of 536870912 bytes exhausted (tried to allocate 20480 bytes)  
                                                                                    


In IsEqual.php line 80:
                                                                                    
  Allowed memory size of 536870912 bytes exhausted (tried to allocate 20480 bytes)  
                                                                                    


In IsEqual.php line 80:
                                                                                    
  Allowed memory size of 536870912 bytes exhausted (tried to allocate 20480 bytes)  
                                                                                    


In IsEqual.php line 80:
                                                                                    
  Allowed memory size of 536870912 bytes exhausted (tried to allocate 20480 bytes)  
                                                                                    


In IsEqual.php line 80:
                                                                                    
  Allowed memory size of 536870912 bytes exhausted (tried to allocate 20480 bytes)  
                                                                                    


In IsEqual.php line 80:
                                                                                    
  Allowed memory size of 536870912 bytes exhausted (tried to allocate 20480 bytes)  
                                                                                    


In IsEqual.php line 80:
                                                                                    
  Allowed memory size of 536870912 bytes exhausted (tried to allocate 20480 bytes)  
                                                                                    


In IsEqual.php line 80:
                                                                                    
  Allowed memory size of 536870912 bytes exhausted (tried to allocate 20480 bytes)  
                                                                                    


In IsEqual.php line 80:
                                                                                    
  Allowed memory size of 536870912 bytes exhausted (tried to allocate 20480 bytes)  
                                                                                    


In IsEqual.php line 80:
                                                                                    
  Allowed memory size of 536870912 bytes exhausted (tried to allocate 20480 bytes)  
                                                                                    


In IsEqual.php line 80:
                                                                                    
  Allowed memory size of 536870912 bytes exhausted (tried to allocate 20480 bytes)  
                                                                                    

